Carol, 45
Dave, 37
